10.1.0.49 - - [08/Oct/2013:14:22:33 +0800] "GET /CentOS5.5/nagios/repodata/repomd.xml HTTP/1.1" 200 951 "-" "urlgrabber/3.1.0 yum/3.2.22"
10.1.0.190 - - [08/Oct/2013:14:23:13 +0800] "GET /CentOS5.5/repodata/repomd.xml HTTP/1.1" 200 1296 "-" "urlgrabber/3.1.0 yum/3.2.22"
10.1.0.190 - - [08/Oct/2013:14:23:14 +0800] "GET /CentOS5.5/ONWIND/repodata/repomd.xml HTTP/1.1" 200 951 "-" "urlgrabber/3.1.0 yum/3.2.22"
10.1.0.190 - - [08/Oct/2013:14:23:14 +0800] "GET /CentOS5.5/nagios/repodata/repomd.xml HTTP/1.1" 200 951 "-" "urlgrabber/3.1.0 yum/3.2.22"
10.1.0.48 - - [08/Oct/2013:14:24:02 +0800] "GET /CentOS5.5/ONWIND/repodata/repomd.xml HTTP/1.1" 200 951 "-" "urlgrabber/3.1.0 yum/3.2.19"
10.1.0.48 - - [08/Oct/2013:14:24:02 +0800] "GET /CentOS5.5/repodata/repomd.xml HTTP/1.1" 200 1296 "-" "urlgrabber/3.1.0 yum/3.2.19"
10.1.0.48 - - [08/Oct/2013:14:24:02 +0800] "GET /CentOS5.5/nagios/repodata/repomd.xml HTTP/1.1" 200 951 "-" "urlgrabber/3.1.0 yum/3.2.19"
10.1.0.48 - - [08/Oct/2013:14:24:03 +0800] "GET /CentOS5.5/Heartbeat/repodata/repomd.xml HTTP/1.1" 200 951 "-" "urlgrabber/3.1.0 yum/3.2.19"
10.1.0.215 - - [08/Oct/2013:14:42:01 +0800] "GET /CentOS5.5/repodata/repomd.xml HTTP/1.1" 200 1296 "-" "urlgrabber/3.1.0 yum/3.2.22"
10.1.0.20 - - [08/Oct/2013:14:58:19 +0800] "GET /CentOS5.5/repodata/repomd.xml HTTP/1.1" 200 1296 "-" "urlgrabber/3.1.0 yum/3.2.22"
10.1.0.101 - - [08/Oct/2013:15:16:41 +0800] "GET /CentOS5.5/repodata/repomd.xml HTTP/1.1" 200 1296 "-" "urlgrabber/3.1.0 yum/3.2.22"
10.1.0.101 - - [08/Oct/2013:15:16:41 +0800] "GET /CentOS5.5/ONWIND/repodata/repomd.xml HTTP/1.1" 200 951 "-" "urlgrabber/3.1.0 yum/3.2.22"
10.1.0.101 - - [08/Oct/2013:15:16:41 +0800] "GET /CentOS5.5/centreon/repodata/repomd.xml HTTP/1.1" 200 951 "-" "urlgrabber/3.1.0 yum/3.2.22"
10.1.0.101 - - [08/Oct/2013:15:16:41 +0800] "GET /CentOS5.5/nagios/repodata/repomd.xml HTTP/1.1" 200 951 "-" "urlgrabber/3.1.0 yum/3.2.22"
10.1.0.242 - - [08/Oct/2013:15:21:28 +0800] "GET /CentOS5.5/ONWIND/repodata/repomd.xml HTTP/1.1" 200 951 "-" "urlgrabber/3.1.0 yum/3.2.22"
10.1.0.49 - - [08/Oct/2013:15:22:33 +0800] "GET /CentOS5.5/repodata/repomd.xml HTTP/1.1" 200 1296 "-" "urlgrabber/3.1.0 yum/3.2.22"
10.1.0.49 - - [08/Oct/2013:15:22:33 +0800] "GET /CentOS5.5/Heartbeat/repodata/repomd.xml HTTP/1.1" 200 951 "-" "urlgrabber/3.1.0 yum/3.2.22"
10.1.0.49 - - [08/Oct/2013:15:22:33 +0800] "GET /CentOS5.5/ONWIND/repodata/repomd.xml HTTP/1.1" 200 951 "-" "urlgrabber/3.1.0 yum/3.2.22"
10.1.0.49 - - [08/Oct/2013:15:22:33 +0800] "GET /CentOS5.5/nagios/repodata/repomd.xml HTTP/1.1" 200 951 "-" "urlgrabber/3.1.0 yum/3.2.22"
10.1.0.190 - - [08/Oct/2013:15:23:18 +0800] "GET /CentOS5.5/repodata/repomd.xml HTTP/1.1" 200 1296 "-" "urlgrabber/3.1.0 yum/3.2.22"
10.1.0.190 - - [08/Oct/2013:15:23:19 +0800] "GET /CentOS5.5/ONWIND/repodata/repomd.xml HTTP/1.1" 200 951 "-" "urlgrabber/3.1.0 yum/3.2.22"
10.1.0.190 - - [08/Oct/2013:15:23:37 +0800] "GET /CentOS5.5/nagios/repodata/repomd.xml HTTP/1.1" 200 951 "-" "urlgrabber/3.1.0 yum/3.2.22"
10.1.0.48 - - [08/Oct/2013:15:24:02 +0800] "GET /CentOS5.5/ONWIND/repodata/repomd.xml HTTP/1.1" 200 951 "-" "urlgrabber/3.1.0 yum/3.2.19"
10.1.0.48 - - [08/Oct/2013:15:24:02 +0800] "GET /CentOS5.5/repodata/repomd.xml HTTP/1.1" 200 1296 "-" "urlgrabber/3.1.0 yum/3.2.19"
10.1.0.48 - - [08/Oct/2013:15:24:02 +0800] "GET /CentOS5.5/nagios/repodata/repomd.xml HTTP/1.1" 200 951 "-" "urlgrabber/3.1.0 yum/3.2.19"
10.1.0.48 - - [08/Oct/2013:15:24:02 +0800] "GET /CentOS5.5/Heartbeat/repodata/repomd.xml HTTP/1.1" 200 951 "-" "urlgrabber/3.1.0 yum/3.2.19"
10.1.0.215 - - [08/Oct/2013:15:42:01 +0800] "GET /CentOS5.5/repodata/repomd.xml HTTP/1.1" 200 1296 "-" "urlgrabber/3.1.0 yum/3.2.22"
10.1.2.32 - - [08/Oct/2013:15:46:33 +0800] "GET /branch/apple/ HTTP/1.1" 200 2843 "-" "Mozilla/5.0 (Windows NT 5.1; rv:14.0) Gecko/20100101 Firefox/14.0"
10.1.2.32 - - [08/Oct/2013:15:46:33 +0800] "GET /lib/jquery.mobile-1.3.2.css HTTP/1.1" 304 - "http://10.1.0.190/branch/apple/" "Mozilla/5.0 (Windows NT 5.1; rv:14.0) Gecko/20100101 Firefox/14.0"
10.1.2.32 - - [08/Oct/2013:15:46:33 +0800] "GET /lib/jquery.mobile-1.3.2.min.js HTTP/1.1" 304 - "http://10.1.0.190/branch/apple/" "Mozilla/5.0 (Windows NT 5.1; rv:14.0) Gecko/20100101 Firefox/14.0"
10.1.2.32 - - [08/Oct/2013:15:46:33 +0800] "GET /lib/jquery-2.0.2.min.js HTTP/1.1" 304 - "http://10.1.0.190/branch/apple/" "Mozilla/5.0 (Windows NT 5.1; rv:14.0) Gecko/20100101 Firefox/14.0"
10.1.2.32 - - [08/Oct/2013:15:46:33 +0800] "GET /lib/images/ajax-loader.gif HTTP/1.1" 304 - "http://10.1.0.190/lib/jquery.mobile-1.3.2.css" "Mozilla/5.0 (Windows NT 5.1; rv:14.0) Gecko/20100101 Firefox/14.0"
10.1.2.32 - - [08/Oct/2013:15:46:33 +0800] "GET /lib/images/icons-18-white.png HTTP/1.1" 304 - "http://10.1.0.190/lib/jquery.mobile-1.3.2.css" "Mozilla/5.0 (Windows NT 5.1; rv:14.0) Gecko/20100101 Firefox/14.0"
10.1.2.100 - - [08/Oct/2013:15:47:53 +0800] "GET /branch/apple/ HTTP/1.1" 200 2843 "-" "Mozilla/5.0 (iPhone; CPU iPhone OS 6_1_3 like Mac OS X) AppleWebKit/536.26 (KHTML, like Gecko) Version/6.0 Mobile/10B329 Safari/8536.25"
10.1.2.100 - - [08/Oct/2013:15:47:54 +0800] "GET /lib/jquery.mobile-1.3.2.css HTTP/1.1" 304 - "http://10.1.0.190/branch/apple/" "Mozilla/5.0 (iPhone; CPU iPhone OS 6_1_3 like Mac OS X) AppleWebKit/536.26 (KHTML, like Gecko) Version/6.0 Mobile/10B329 Safari/8536.25"
10.1.2.100 - - [08/Oct/2013:15:47:54 +0800] "GET /lib/jquery-2.0.2.min.js HTTP/1.1" 304 - "http://10.1.0.190/branch/apple/" "Mozilla/5.0 (iPhone; CPU iPhone OS 6_1_3 like Mac OS X) AppleWebKit/536.26 (KHTML, like Gecko) Version/6.0 Mobile/10B329 Safari/8536.25"
10.1.2.100 - - [08/Oct/2013:15:47:54 +0800] "GET /lib/jquery.mobile-1.3.2.min.js HTTP/1.1" 304 - "http://10.1.0.190/branch/apple/" "Mozilla/5.0 (iPhone; CPU iPhone OS 6_1_3 like Mac OS X) AppleWebKit/536.26 (KHTML, like Gecko) Version/6.0 Mobile/10B329 Safari/8536.25"
10.1.2.100 - - [08/Oct/2013:15:47:55 +0800] "GET /lib/images/ajax-loader.gif HTTP/1.1" 304 - "http://10.1.0.190/branch/apple/" "Mozilla/5.0 (iPhone; CPU iPhone OS 6_1_3 like Mac OS X) AppleWebKit/536.26 (KHTML, like Gecko) Version/6.0 Mobile/10B329 Safari/8536.25"
10.1.2.100 - - [08/Oct/2013:15:47:55 +0800] "GET /lib/images/icons-36-white.png HTTP/1.1" 304 - "http://10.1.0.190/branch/apple/" "Mozilla/5.0 (iPhone; CPU iPhone OS 6_1_3 like Mac OS X) AppleWebKit/536.26 (KHTML, like Gecko) Version/6.0 Mobile/10B329 Safari/8536.25"
10.1.2.100 - - [08/Oct/2013:15:48:00 +0800] "GET /branch/apple/fhsgApp_0.00.02_4_2013-10-08_15-50-22.plist HTTP/1.1" 200 2056 "-" "iTunes-iPhone/6.1.3 (8GB; dt:27)"
10.1.2.100 - - [08/Oct/2013:15:48:02 +0800] "HEAD /install/branch/apple/fhsgApp_0.00.02_4_2013-10-08_15-50-22.ipa HTTP/1.1" 200 - "-" "iTunes-iPhone/6.1.3 (8GB; dt:27)"
10.1.2.100 - - [08/Oct/2013:15:49:47 +0800] "GET /app/ HTTP/1.1" 404 277 "-" "Mozilla/5.0 (Linux; U; Android 4.0.3; zh-cn; HW-HUAWEI_C8812/C8812V100R001C92B913SP02; 480*800; CTC/2.0) AppleWebKit/534.30 Mobile Safari/534.30"
10.1.2.100 - - [08/Oct/2013:15:49:49 +0800] "GET /favicon.ico HTTP/1.1" 404 284 "http://10.1.0.190/app/" "Mozilla/5.0 (Linux; U; Android 4.0.3; zh-cn; HW-HUAWEI_C8812/C8812V100R001C92B913SP02; 480*800; CTC/2.0) AppleWebKit/534.30 Mobile Safari/534.30"
10.1.2.100 - - [08/Oct/2013:15:48:02 +0800] "GET /install/branch/apple/fhsgApp_0.00.02_4_2013-10-08_15-50-22.ipa HTTP/1.1" 200 111854720 "-" "iTunes-iPhone/6.1.3 (8GB; dt:27)"
10.1.0.20 - - [08/Oct/2013:15:58:19 +0800] "GET /CentOS5.5/repodata/repomd.xml HTTP/1.1" 200 1296 "-" "urlgrabber/3.1.0 yum/3.2.22"
10.1.0.101 - - [08/Oct/2013:16:16:41 +0800] "GET /CentOS5.5/repodata/repomd.xml HTTP/1.1" 200 1296 "-" "urlgrabber/3.1.0 yum/3.2.22"
10.1.0.101 - - [08/Oct/2013:16:16:41 +0800] "GET /CentOS5.5/ONWIND/repodata/repomd.xml HTTP/1.1" 200 951 "-" "urlgrabber/3.1.0 yum/3.2.22"
10.1.0.101 - - [08/Oct/2013:16:16:41 +0800] "GET /CentOS5.5/centreon/repodata/repomd.xml HTTP/1.1" 200 951 "-" "urlgrabber/3.1.0 yum/3.2.22"
10.1.0.101 - - [08/Oct/2013:16:16:41 +0800] "GET /CentOS5.5/nagios/repodata/repomd.xml HTTP/1.1" 200 951 "-" "urlgrabber/3.1.0 yum/3.2.22"
10.1.2.100 - - [08/Oct/2013:16:18:10 +0800] "GET /app/ HTTP/1.1" 404 277 "-" "Mozilla/5.0 (Linux; U; Android 4.0.3; zh-cn; HW-HUAWEI_C8812/C8812V100R001C92B913SP02; 480*800; CTC/2.0) AppleWebKit/534.30 Mobile Safari/534.30"
10.1.2.100 - - [08/Oct/2013:16:18:11 +0800] "GET /favicon.ico HTTP/1.1" 404 284 "http://10.1.0.190/app/" "Mozilla/5.0 (Linux; U; Android 4.0.3; zh-cn; HW-HUAWEI_C8812/C8812V100R001C92B913SP02; 480*800; CTC/2.0) AppleWebKit/534.30 Mobile Safari/534.30"
10.1.0.242 - - [08/Oct/2013:16:21:28 +0800] "GET /CentOS5.5/ONWIND/repodata/repomd.xml HTTP/1.1" 200 951 "-" "urlgrabber/3.1.0 yum/3.2.22"
10.1.0.49 - - [08/Oct/2013:16:22:33 +0800] "GET /CentOS5.5/repodata/repomd.xml HTTP/1.1" 200 1296 "-" "urlgrabber/3.1.0 yum/3.2.22"
10.1.0.49 - - [08/Oct/2013:16:22:33 +0800] "GET /CentOS5.5/Heartbeat/repodata/repomd.xml HTTP/1.1" 200 951 "-" "urlgrabber/3.1.0 yum/3.2.22"
10.1.0.49 - - [08/Oct/2013:16:22:33 +0800] "GET /CentOS5.5/ONWIND/repodata/repomd.xml HTTP/1.1" 200 951 "-" "urlgrabber/3.1.0 yum/3.2.22"
10.1.0.49 - - [08/Oct/2013:16:22:33 +0800] "GET /CentOS5.5/nagios/repodata/repomd.xml HTTP/1.1" 200 951 "-" "urlgrabber/3.1.0 yum/3.2.22"
10.1.0.190 - - [08/Oct/2013:16:23:15 +0800] "GET /CentOS5.5/repodata/repomd.xml HTTP/1.1" 200 1296 "-" "urlgrabber/3.1.0 yum/3.2.22"
10.1.0.190 - - [08/Oct/2013:16:23:15 +0800] "GET /CentOS5.5/ONWIND/repodata/repomd.xml HTTP/1.1" 200 951 "-" "urlgrabber/3.1.0 yum/3.2.22"
10.1.0.190 - - [08/Oct/2013:16:23:16 +0800] "GET /CentOS5.5/nagios/repodata/repomd.xml HTTP/1.1" 200 951 "-" "urlgrabber/3.1.0 yum/3.2.22"
10.1.0.48 - - [08/Oct/2013:16:24:01 +0800] "GET /CentOS5.5/ONWIND/repodata/repomd.xml HTTP/1.1" 200 951 "-" "urlgrabber/3.1.0 yum/3.2.19"
10.1.0.48 - - [08/Oct/2013:16:24:01 +0800] "GET /CentOS5.5/repodata/repomd.xml HTTP/1.1" 200 1296 "-" "urlgrabber/3.1.0 yum/3.2.19"
10.1.0.48 - - [08/Oct/2013:16:24:01 +0800] "GET /CentOS5.5/nagios/repodata/repomd.xml HTTP/1.1" 200 951 "-" "urlgrabber/3.1.0 yum/3.2.19"
10.1.0.48 - - [08/Oct/2013:16:24:01 +0800] "GET /CentOS5.5/Heartbeat/repodata/repomd.xml HTTP/1.1" 200 951 "-" "urlgrabber/3.1.0 yum/3.2.19"
10.1.0.215 - - [08/Oct/2013:16:42:01 +0800] "GET /CentOS5.5/repodata/repomd.xml HTTP/1.1" 200 1296 "-" "urlgrabber/3.1.0 yum/3.2.22"
10.1.2.100 - - [08/Oct/2013:16:53:14 +0800] "GET /app/ HTTP/1.1" 404 277 "-" "Mozilla/5.0 (Linux; U; Android 4.0.3; zh-cn; HW-HUAWEI_C8812/C8812V100R001C92B913SP02; 480*800; CTC/2.0) AppleWebKit/534.30 Mobile Safari/534.30"
10.1.2.100 - - [08/Oct/2013:16:53:17 +0800] "GET /favicon.ico HTTP/1.1" 404 284 "http://10.1.0.190/app/" "Mozilla/5.0 (Linux; U; Android 4.0.3; zh-cn; HW-HUAWEI_C8812/C8812V100R001C92B913SP02; 480*800; CTC/2.0) AppleWebKit/534.30 Mobile Safari/534.30"
10.1.0.20 - - [08/Oct/2013:16:58:18 +0800] "GET /CentOS5.5/repodata/repomd.xml HTTP/1.1" 200 1296 "-" "urlgrabber/3.1.0 yum/3.2.22"
10.1.2.100 - - [08/Oct/2013:16:59:58 +0800] "GET /app/ HTTP/1.1" 404 277 "-" "Mozilla/5.0 (Linux; U; Android 4.0.3; zh-cn; HW-HUAWEI_C8812/C8812V100R001C92B913SP02; 480*800; CTC/2.0) AppleWebKit/534.30 Mobile Safari/534.30"
10.1.2.100 - - [08/Oct/2013:16:59:59 +0800] "GET /favicon.ico HTTP/1.1" 404 284 "http://10.1.0.190/app/" "Mozilla/5.0 (Linux; U; Android 4.0.3; zh-cn; HW-HUAWEI_C8812/C8812V100R001C92B913SP02; 480*800; CTC/2.0) AppleWebKit/534.30 Mobile Safari/534.30"
10.1.2.100 - - [08/Oct/2013:17:13:14 +0800] "GET /app/ HTTP/1.1" 404 277 "-" "Mozilla/5.0 (Linux; U; Android 4.0.3; zh-cn; HW-HUAWEI_C8812/C8812V100R001C92B913SP02; 480*800; CTC/2.0) AppleWebKit/534.30 Mobile Safari/534.30"
10.1.2.100 - - [08/Oct/2013:17:13:14 +0800] "GET /favicon.ico HTTP/1.1" 404 284 "http://10.1.0.190/app/" "Mozilla/5.0 (Linux; U; Android 4.0.3; zh-cn; HW-HUAWEI_C8812/C8812V100R001C92B913SP02; 480*800; CTC/2.0) AppleWebKit/534.30 Mobile Safari/534.30"
10.1.0.101 - - [08/Oct/2013:17:16:41 +0800] "GET /CentOS5.5/repodata/repomd.xml HTTP/1.1" 200 1296 "-" "urlgrabber/3.1.0 yum/3.2.22"
10.1.0.101 - - [08/Oct/2013:17:16:41 +0800] "GET /CentOS5.5/ONWIND/repodata/repomd.xml HTTP/1.1" 200 951 "-" "urlgrabber/3.1.0 yum/3.2.22"
10.1.0.101 - - [08/Oct/2013:17:16:41 +0800] "GET /CentOS5.5/centreon/repodata/repomd.xml HTTP/1.1" 200 951 "-" "urlgrabber/3.1.0 yum/3.2.22"
10.1.0.101 - - [08/Oct/2013:17:16:41 +0800] "GET /CentOS5.5/nagios/repodata/repomd.xml HTTP/1.1" 200 951 "-" "urlgrabber/3.1.0 yum/3.2.22"
10.1.0.242 - - [08/Oct/2013:17:21:28 +0800] "GET /CentOS5.5/ONWIND/repodata/repomd.xml HTTP/1.1" 200 951 "-" "urlgrabber/3.1.0 yum/3.2.22"
10.1.0.49 - - [08/Oct/2013:17:22:33 +0800] "GET /CentOS5.5/repodata/repomd.xml HTTP/1.1" 200 1296 "-" "urlgrabber/3.1.0 yum/3.2.22"
10.1.0.49 - - [08/Oct/2013:17:22:33 +0800] "GET /CentOS5.5/Heartbeat/repodata/repomd.xml HTTP/1.1" 200 951 "-" "urlgrabber/3.1.0 yum/3.2.22"
10.1.0.49 - - [08/Oct/2013:17:22:33 +0800] "GET /CentOS5.5/ONWIND/repodata/repomd.xml HTTP/1.1" 200 951 "-" "urlgrabber/3.1.0 yum/3.2.22"
10.1.0.49 - - [08/Oct/2013:17:22:33 +0800] "GET /CentOS5.5/nagios/repodata/repomd.xml HTTP/1.1" 200 951 "-" "urlgrabber/3.1.0 yum/3.2.22"
10.1.0.190 - - [08/Oct/2013:17:23:14 +0800] "GET /CentOS5.5/repodata/repomd.xml HTTP/1.1" 200 1296 "-" "urlgrabber/3.1.0 yum/3.2.22"
10.1.0.190 - - [08/Oct/2013:17:23:14 +0800] "GET /CentOS5.5/ONWIND/repodata/repomd.xml HTTP/1.1" 200 951 "-" "urlgrabber/3.1.0 yum/3.2.22"
10.1.0.190 - - [08/Oct/2013:17:23:15 +0800] "GET /CentOS5.5/nagios/repodata/repomd.xml HTTP/1.1" 200 951 "-" "urlgrabber/3.1.0 yum/3.2.22"
10.1.0.48 - - [08/Oct/2013:17:24:01 +0800] "GET /CentOS5.5/ONWIND/repodata/repomd.xml HTTP/1.1" 200 951 "-" "urlgrabber/3.1.0 yum/3.2.19"
10.1.0.48 - - [08/Oct/2013:17:24:01 +0800] "GET /CentOS5.5/repodata/repomd.xml HTTP/1.1" 200 1296 "-" "urlgrabber/3.1.0 yum/3.2.19"
10.1.0.48 - - [08/Oct/2013:17:24:01 +0800] "GET /CentOS5.5/nagios/repodata/repomd.xml HTTP/1.1" 200 951 "-" "urlgrabber/3.1.0 yum/3.2.19"
10.1.0.48 - - [08/Oct/2013:17:24:01 +0800] "GET /CentOS5.5/Heartbeat/repodata/repomd.xml HTTP/1.1" 200 951 "-" "urlgrabber/3.1.0 yum/3.2.19"
10.1.0.215 - - [08/Oct/2013:17:42:01 +0800] "GET /CentOS5.5/repodata/repomd.xml HTTP/1.1" 200 1296 "-" "urlgrabber/3.1.0 yum/3.2.22"
10.1.2.100 - - [08/Oct/2013:17:42:21 +0800] "GET /app/ HTTP/1.1" 404 277 "-" "Mozilla/5.0 (Linux; U; Android 4.0.3; zh-cn; HW-HUAWEI_C8812/C8812V100R001C92B913SP02; 480*800; CTC/2.0) AppleWebKit/534.30 Mobile Safari/534.30"
10.1.2.100 - - [08/Oct/2013:17:42:22 +0800] "GET /favicon.ico HTTP/1.1" 404 284 "http://10.1.0.190/app/" "Mozilla/5.0 (Linux; U; Android 4.0.3; zh-cn; HW-HUAWEI_C8812/C8812V100R001C92B913SP02; 480*800; CTC/2.0) AppleWebKit/534.30 Mobile Safari/534.30"
10.1.2.100 - - [08/Oct/2013:17:48:27 +0800] "GET /app/ HTTP/1.1" 404 277 "-" "Mozilla/5.0 (Linux; U; Android 4.0.3; zh-cn; HW-HUAWEI_C8812/C8812V100R001C92B913SP02; 480*800; CTC/2.0) AppleWebKit/534.30 Mobile Safari/534.30"
10.1.2.100 - - [08/Oct/2013:17:48:28 +0800] "GET /favicon.ico HTTP/1.1" 404 284 "http://10.1.0.190/app/" "Mozilla/5.0 (Linux; U; Android 4.0.3; zh-cn; HW-HUAWEI_C8812/C8812V100R001C92B913SP02; 480*800; CTC/2.0) AppleWebKit/534.30 Mobile Safari/534.30"
10.1.0.20 - - [08/Oct/2013:17:58:18 +0800] "GET /CentOS5.5/repodata/repomd.xml HTTP/1.1" 200 1296 "-" "urlgrabber/3.1.0 yum/3.2.22"
10.1.0.101 - - [08/Oct/2013:18:16:41 +0800] "GET /CentOS5.5/repodata/repomd.xml HTTP/1.1" 200 1296 "-" "urlgrabber/3.1.0 yum/3.2.22"
10.1.0.101 - - [08/Oct/2013:18:16:41 +0800] "GET /CentOS5.5/ONWIND/repodata/repomd.xml HTTP/1.1" 200 951 "-" "urlgrabber/3.1.0 yum/3.2.22"
10.1.0.101 - - [08/Oct/2013:18:16:41 +0800] "GET /CentOS5.5/centreon/repodata/repomd.xml HTTP/1.1" 200 951 "-" "urlgrabber/3.1.0 yum/3.2.22"
10.1.0.101 - - [08/Oct/2013:18:16:41 +0800] "GET /CentOS5.5/nagios/repodata/repomd.xml HTTP/1.1" 200 951 "-" "urlgrabber/3.1.0 yum/3.2.22"
10.1.0.242 - - [08/Oct/2013:18:21:28 +0800] "GET /CentOS5.5/ONWIND/repodata/repomd.xml HTTP/1.1" 200 951 "-" "urlgrabber/3.1.0 yum/3.2.22"
10.1.0.49 - - [08/Oct/2013:18:22:32 +0800] "GET /CentOS5.5/repodata/repomd.xml HTTP/1.1" 200 1296 "-" "urlgrabber/3.1.0 yum/3.2.22"
10.1.0.49 - - [08/Oct/2013:18:22:32 +0800] "GET /CentOS5.5/Heartbeat/repodata/repomd.xml HTTP/1.1" 200 951 "-" "urlgrabber/3.1.0 yum/3.2.22"
10.1.0.49 - - [08/Oct/2013:18:22:32 +0800] "GET /CentOS5.5/ONWIND/repodata/repomd.xml HTTP/1.1" 200 951 "-" "urlgrabber/3.1.0 yum/3.2.22"
10.1.0.49 - - [08/Oct/2013:18:22:32 +0800] "GET /CentOS5.5/nagios/repodata/repomd.xml HTTP/1.1" 200 951 "-" "urlgrabber/3.1.0 yum/3.2.22"
10.1.0.190 - - [08/Oct/2013:18:23:14 +0800] "GET /CentOS5.5/repodata/repomd.xml HTTP/1.1" 200 1296 "-" "urlgrabber/3.1.0 yum/3.2.22"
10.1.0.190 - - [08/Oct/2013:18:23:14 +0800] "GET /CentOS5.5/ONWIND/repodata/repomd.xml HTTP/1.1" 200 951 "-" "urlgrabber/3.1.0 yum/3.2.22"
10.1.0.190 - - [08/Oct/2013:18:23:15 +0800] "GET /CentOS5.5/nagios/repodata/repomd.xml HTTP/1.1" 200 951 "-" "urlgrabber/3.1.0 yum/3.2.22"
10.1.0.48 - - [08/Oct/2013:18:24:00 +0800] "GET /CentOS5.5/ONWIND/repodata/repomd.xml HTTP/1.1" 200 951 "-" "urlgrabber/3.1.0 yum/3.2.19"
10.1.0.48 - - [08/Oct/2013:18:24:00 +0800] "GET /CentOS5.5/repodata/repomd.xml HTTP/1.1" 200 1296 "-" "urlgrabber/3.1.0 yum/3.2.19"
10.1.0.48 - - [08/Oct/2013:18:24:00 +0800] "GET /CentOS5.5/nagios/repodata/repomd.xml HTTP/1.1" 200 951 "-" "urlgrabber/3.1.0 yum/3.2.19"
10.1.0.48 - - [08/Oct/2013:18:24:00 +0800] "GET /CentOS5.5/Heartbeat/repodata/repomd.xml HTTP/1.1" 200 951 "-" "urlgrabber/3.1.0 yum/3.2.19"
10.1.0.215 - - [08/Oct/2013:18:42:00 +0800] "GET /CentOS5.5/repodata/repomd.xml HTTP/1.1" 200 1296 "-" "urlgrabber/3.1.0 yum/3.2.22"
10.1.0.20 - - [08/Oct/2013:18:58:18 +0800] "GET /CentOS5.5/repodata/repomd.xml HTTP/1.1" 200 1296 "-" "urlgrabber/3.1.0 yum/3.2.22"
10.1.0.101 - - [08/Oct/2013:19:16:41 +0800] "GET /CentOS5.5/repodata/repomd.xml HTTP/1.1" 200 1296 "-" "urlgrabber/3.1.0 yum/3.2.22"
10.1.0.101 - - [08/Oct/2013:19:16:41 +0800] "GET /CentOS5.5/ONWIND/repodata/repomd.xml HTTP/1.1" 200 951 "-" "urlgrabber/3.1.0 yum/3.2.22"
10.1.0.101 - - [08/Oct/2013:19:16:41 +0800] "GET /CentOS5.5/centreon/repodata/repomd.xml HTTP/1.1" 200 951 "-" "urlgrabber/3.1.0 yum/3.2.22"
10.1.0.101 - - [08/Oct/2013:19:16:41 +0800] "GET /CentOS5.5/nagios/repodata/repomd.xml HTTP/1.1" 200 951 "-" "urlgrabber/3.1.0 yum/3.2.22"
10.1.0.242 - - [08/Oct/2013:19:21:28 +0800] "GET /CentOS5.5/ONWIND/repodata/repomd.xml HTTP/1.1" 200 951 "-" "urlgrabber/3.1.0 yum/3.2.22"
10.1.0.49 - - [08/Oct/2013:19:22:32 +0800] "GET /CentOS5.5/repodata/repomd.xml HTTP/1.1" 200 1296 "-" "urlgrabber/3.1.0 yum/3.2.22"
10.1.0.49 - - [08/Oct/2013:19:22:32 +0800] "GET /CentOS5.5/Heartbeat/repodata/repomd.xml HTTP/1.1" 200 951 "-" "urlgrabber/3.1.0 yum/3.2.22"
10.1.0.49 - - [08/Oct/2013:19:22:32 +0800] "GET /CentOS5.5/ONWIND/repodata/repomd.xml HTTP/1.1" 200 951 "-" "urlgrabber/3.1.0 yum/3.2.22"
10.1.0.49 - - [08/Oct/2013:19:22:32 +0800] "GET /CentOS5.5/nagios/repodata/repomd.xml HTTP/1.1" 200 951 "-" "urlgrabber/3.1.0 yum/3.2.22"
10.1.0.190 - - [08/Oct/2013:19:23:14 +0800] "GET /CentOS5.5/repodata/repomd.xml HTTP/1.1" 200 1296 "-" "urlgrabber/3.1.0 yum/3.2.22"
10.1.0.190 - - [08/Oct/2013:19:23:14 +0800] "GET /CentOS5.5/ONWIND/repodata/repomd.xml HTTP/1.1" 200 951 "-" "urlgrabber/3.1.0 yum/3.2.22"
10.1.0.190 - - [08/Oct/2013:19:23:14 +0800] "GET /CentOS5.5/nagios/repodata/repomd.xml HTTP/1.1" 200 951 "-" "urlgrabber/3.1.0 yum/3.2.22"
10.1.0.48 - - [08/Oct/2013:19:23:59 +0800] "GET /CentOS5.5/ONWIND/repodata/repomd.xml HTTP/1.1" 200 951 "-" "urlgrabber/3.1.0 yum/3.2.19"
10.1.0.48 - - [08/Oct/2013:19:23:59 +0800] "GET /CentOS5.5/repodata/repomd.xml HTTP/1.1" 200 1296 "-" "urlgrabber/3.1.0 yum/3.2.19"
10.1.0.48 - - [08/Oct/2013:19:24:00 +0800] "GET /CentOS5.5/nagios/repodata/repomd.xml HTTP/1.1" 200 951 "-" "urlgrabber/3.1.0 yum/3.2.19"
10.1.0.48 - - [08/Oct/2013:19:24:00 +0800] "GET /CentOS5.5/Heartbeat/repodata/repomd.xml HTTP/1.1" 200 951 "-" "urlgrabber/3.1.0 yum/3.2.19"
10.1.0.215 - - [08/Oct/2013:19:42:00 +0800] "GET /CentOS5.5/repodata/repomd.xml HTTP/1.1" 200 1296 "-" "urlgrabber/3.1.0 yum/3.2.22"
10.1.0.20 - - [08/Oct/2013:19:58:17 +0800] "GET /CentOS5.5/repodata/repomd.xml HTTP/1.1" 200 1296 "-" "urlgrabber/3.1.0 yum/3.2.22"
10.1.0.101 - - [08/Oct/2013:20:16:41 +0800] "GET /CentOS5.5/repodata/repomd.xml HTTP/1.1" 200 1296 "-" "urlgrabber/3.1.0 yum/3.2.22"
10.1.0.101 - - [08/Oct/2013:20:16:41 +0800] "GET /CentOS5.5/ONWIND/repodata/repomd.xml HTTP/1.1" 200 951 "-" "urlgrabber/3.1.0 yum/3.2.22"
10.1.0.101 - - [08/Oct/2013:20:16:41 +0800] "GET /CentOS5.5/centreon/repodata/repomd.xml HTTP/1.1" 200 951 "-" "urlgrabber/3.1.0 yum/3.2.22"
10.1.0.101 - - [08/Oct/2013:20:16:41 +0800] "GET /CentOS5.5/nagios/repodata/repomd.xml HTTP/1.1" 200 951 "-" "urlgrabber/3.1.0 yum/3.2.22"
10.1.0.242 - - [08/Oct/2013:20:21:28 +0800] "GET /CentOS5.5/ONWIND/repodata/repomd.xml HTTP/1.1" 200 951 "-" "urlgrabber/3.1.0 yum/3.2.22"
10.1.0.49 - - [08/Oct/2013:20:22:31 +0800] "GET /CentOS5.5/repodata/repomd.xml HTTP/1.1" 200 1296 "-" "urlgrabber/3.1.0 yum/3.2.22"
10.1.0.49 - - [08/Oct/2013:20:22:31 +0800] "GET /CentOS5.5/Heartbeat/repodata/repomd.xml HTTP/1.1" 200 951 "-" "urlgrabber/3.1.0 yum/3.2.22"
10.1.0.49 - - [08/Oct/2013:20:22:31 +0800] "GET /CentOS5.5/ONWIND/repodata/repomd.xml HTTP/1.1" 200 951 "-" "urlgrabber/3.1.0 yum/3.2.22"
10.1.0.49 - - [08/Oct/2013:20:22:31 +0800] "GET /CentOS5.5/nagios/repodata/repomd.xml HTTP/1.1" 200 951 "-" "urlgrabber/3.1.0 yum/3.2.22"
10.1.0.190 - - [08/Oct/2013:20:23:14 +0800] "GET /CentOS5.5/repodata/repomd.xml HTTP/1.1" 200 1296 "-" "urlgrabber/3.1.0 yum/3.2.22"
10.1.0.190 - - [08/Oct/2013:20:23:14 +0800] "GET /CentOS5.5/ONWIND/repodata/repomd.xml HTTP/1.1" 200 951 "-" "urlgrabber/3.1.0 yum/3.2.22"
10.1.0.190 - - [08/Oct/2013:20:23:15 +0800] "GET /CentOS5.5/nagios/repodata/repomd.xml HTTP/1.1" 200 951 "-" "urlgrabber/3.1.0 yum/3.2.22"
10.1.0.48 - - [08/Oct/2013:20:23:59 +0800] "GET /CentOS5.5/ONWIND/repodata/repomd.xml HTTP/1.1" 200 951 "-" "urlgrabber/3.1.0 yum/3.2.19"
10.1.0.48 - - [08/Oct/2013:20:23:59 +0800] "GET /CentOS5.5/repodata/repomd.xml HTTP/1.1" 200 1296 "-" "urlgrabber/3.1.0 yum/3.2.19"
10.1.0.48 - - [08/Oct/2013:20:23:59 +0800] "GET /CentOS5.5/nagios/repodata/repomd.xml HTTP/1.1" 200 951 "-" "urlgrabber/3.1.0 yum/3.2.19"
10.1.0.48 - - [08/Oct/2013:20:23:59 +0800] "GET /CentOS5.5/Heartbeat/repodata/repomd.xml HTTP/1.1" 200 951 "-" "urlgrabber/3.1.0 yum/3.2.19"
10.1.0.215 - - [08/Oct/2013:20:42:00 +0800] "GET /CentOS5.5/repodata/repomd.xml HTTP/1.1" 200 1296 "-" "urlgrabber/3.1.0 yum/3.2.22"
10.1.0.20 - - [08/Oct/2013:20:58:17 +0800] "GET /CentOS5.5/repodata/repomd.xml HTTP/1.1" 200 1296 "-" "urlgrabber/3.1.0 yum/3.2.22"
10.1.0.101 - - [08/Oct/2013:21:16:41 +0800] "GET /CentOS5.5/repodata/repomd.xml HTTP/1.1" 200 1296 "-" "urlgrabber/3.1.0 yum/3.2.22"
10.1.0.101 - - [08/Oct/2013:21:16:41 +0800] "GET /CentOS5.5/ONWIND/repodata/repomd.xml HTTP/1.1" 200 951 "-" "urlgrabber/3.1.0 yum/3.2.22"
10.1.0.101 - - [08/Oct/2013:21:16:41 +0800] "GET /CentOS5.5/centreon/repodata/repomd.xml HTTP/1.1" 200 951 "-" "urlgrabber/3.1.0 yum/3.2.22"
10.1.0.101 - - [08/Oct/2013:21:16:41 +0800] "GET /CentOS5.5/nagios/repodata/repomd.xml HTTP/1.1" 200 951 "-" "urlgrabber/3.1.0 yum/3.2.22"
10.1.0.242 - - [08/Oct/2013:21:21:28 +0800] "GET /CentOS5.5/ONWIND/repodata/repomd.xml HTTP/1.1" 200 951 "-" "urlgrabber/3.1.0 yum/3.2.22"
10.1.0.49 - - [08/Oct/2013:21:22:31 +0800] "GET /CentOS5.5/repodata/repomd.xml HTTP/1.1" 200 1296 "-" "urlgrabber/3.1.0 yum/3.2.22"
10.1.0.49 - - [08/Oct/2013:21:22:31 +0800] "GET /CentOS5.5/Heartbeat/repodata/repomd.xml HTTP/1.1" 200 951 "-" "urlgrabber/3.1.0 yum/3.2.22"
10.1.0.49 - - [08/Oct/2013:21:22:31 +0800] "GET /CentOS5.5/ONWIND/repodata/repomd.xml HTTP/1.1" 200 951 "-" "urlgrabber/3.1.0 yum/3.2.22"
10.1.0.49 - - [08/Oct/2013:21:22:31 +0800] "GET /CentOS5.5/nagios/repodata/repomd.xml HTTP/1.1" 200 951 "-" "urlgrabber/3.1.0 yum/3.2.22"
10.1.0.190 - - [08/Oct/2013:21:23:13 +0800] "GET /CentOS5.5/repodata/repomd.xml HTTP/1.1" 200 1296 "-" "urlgrabber/3.1.0 yum/3.2.22"
10.1.0.190 - - [08/Oct/2013:21:23:14 +0800] "GET /CentOS5.5/ONWIND/repodata/repomd.xml HTTP/1.1" 200 951 "-" "urlgrabber/3.1.0 yum/3.2.22"
10.1.0.190 - - [08/Oct/2013:21:23:14 +0800] "GET /CentOS5.5/nagios/repodata/repomd.xml HTTP/1.1" 200 951 "-" "urlgrabber/3.1.0 yum/3.2.22"
10.1.0.48 - - [08/Oct/2013:21:23:58 +0800] "GET /CentOS5.5/ONWIND/repodata/repomd.xml HTTP/1.1" 200 951 "-" "urlgrabber/3.1.0 yum/3.2.19"
10.1.0.48 - - [08/Oct/2013:21:23:58 +0800] "GET /CentOS5.5/repodata/repomd.xml HTTP/1.1" 200 1296 "-" "urlgrabber/3.1.0 yum/3.2.19"
10.1.0.48 - - [08/Oct/2013:21:23:59 +0800] "GET /CentOS5.5/nagios/repodata/repomd.xml HTTP/1.1" 200 951 "-" "urlgrabber/3.1.0 yum/3.2.19"
10.1.0.48 - - [08/Oct/2013:21:23:59 +0800] "GET /CentOS5.5/Heartbeat/repodata/repomd.xml HTTP/1.1" 200 951 "-" "urlgrabber/3.1.0 yum/3.2.19"
10.1.0.215 - - [08/Oct/2013:21:42:00 +0800] "GET /CentOS5.5/repodata/repomd.xml HTTP/1.1" 200 1296 "-" "urlgrabber/3.1.0 yum/3.2.22"
10.1.0.20 - - [08/Oct/2013:21:58:17 +0800] "GET /CentOS5.5/repodata/repomd.xml HTTP/1.1" 200 1296 "-" "urlgrabber/3.1.0 yum/3.2.22"
10.1.0.101 - - [08/Oct/2013:22:16:41 +0800] "GET /CentOS5.5/repodata/repomd.xml HTTP/1.1" 200 1296 "-" "urlgrabber/3.1.0 yum/3.2.22"
10.1.0.101 - - [08/Oct/2013:22:16:41 +0800] "GET /CentOS5.5/ONWIND/repodata/repomd.xml HTTP/1.1" 200 951 "-" "urlgrabber/3.1.0 yum/3.2.22"
10.1.0.101 - - [08/Oct/2013:22:16:41 +0800] "GET /CentOS5.5/centreon/repodata/repomd.xml HTTP/1.1" 200 951 "-" "urlgrabber/3.1.0 yum/3.2.22"
10.1.0.101 - - [08/Oct/2013:22:16:41 +0800] "GET /CentOS5.5/nagios/repodata/repomd.xml HTTP/1.1" 200 951 "-" "urlgrabber/3.1.0 yum/3.2.22"
10.1.0.242 - - [08/Oct/2013:22:21:28 +0800] "GET /CentOS5.5/ONWIND/repodata/repomd.xml HTTP/1.1" 200 951 "-" "urlgrabber/3.1.0 yum/3.2.22"
10.1.0.49 - - [08/Oct/2013:22:22:31 +0800] "GET /CentOS5.5/repodata/repomd.xml HTTP/1.1" 200 1296 "-" "urlgrabber/3.1.0 yum/3.2.22"
10.1.0.49 - - [08/Oct/2013:22:22:31 +0800] "GET /CentOS5.5/Heartbeat/repodata/repomd.xml HTTP/1.1" 200 951 "-" "urlgrabber/3.1.0 yum/3.2.22"
10.1.0.49 - - [08/Oct/2013:22:22:31 +0800] "GET /CentOS5.5/ONWIND/repodata/repomd.xml HTTP/1.1" 200 951 "-" "urlgrabber/3.1.0 yum/3.2.22"
10.1.0.49 - - [08/Oct/2013:22:22:31 +0800] "GET /CentOS5.5/nagios/repodata/repomd.xml HTTP/1.1" 200 951 "-" "urlgrabber/3.1.0 yum/3.2.22"
10.1.0.190 - - [08/Oct/2013:22:23:14 +0800] "GET /CentOS5.5/repodata/repomd.xml HTTP/1.1" 200 1296 "-" "urlgrabber/3.1.0 yum/3.2.22"
10.1.0.190 - - [08/Oct/2013:22:23:14 +0800] "GET /CentOS5.5/ONWIND/repodata/repomd.xml HTTP/1.1" 200 951 "-" "urlgrabber/3.1.0 yum/3.2.22"
10.1.0.190 - - [08/Oct/2013:22:23:14 +0800] "GET /CentOS5.5/nagios/repodata/repomd.xml HTTP/1.1" 200 951 "-" "urlgrabber/3.1.0 yum/3.2.22"
10.1.0.48 - - [08/Oct/2013:22:23:58 +0800] "GET /CentOS5.5/ONWIND/repodata/repomd.xml HTTP/1.1" 200 951 "-" "urlgrabber/3.1.0 yum/3.2.19"
10.1.0.48 - - [08/Oct/2013:22:23:58 +0800] "GET /CentOS5.5/repodata/repomd.xml HTTP/1.1" 200 1296 "-" "urlgrabber/3.1.0 yum/3.2.19"
10.1.0.48 - - [08/Oct/2013:22:23:58 +0800] "GET /CentOS5.5/nagios/repodata/repomd.xml HTTP/1.1" 200 951 "-" "urlgrabber/3.1.0 yum/3.2.19"
10.1.0.48 - - [08/Oct/2013:22:23:58 +0800] "GET /CentOS5.5/Heartbeat/repodata/repomd.xml HTTP/1.1" 200 951 "-" "urlgrabber/3.1.0 yum/3.2.19"
10.1.0.215 - - [08/Oct/2013:22:42:00 +0800] "GET /CentOS5.5/repodata/repomd.xml HTTP/1.1" 200 1296 "-" "urlgrabber/3.1.0 yum/3.2.22"
10.1.0.20 - - [08/Oct/2013:22:58:16 +0800] "GET /CentOS5.5/repodata/repomd.xml HTTP/1.1" 200 1296 "-" "urlgrabber/3.1.0 yum/3.2.22"
10.1.0.101 - - [08/Oct/2013:23:16:41 +0800] "GET /CentOS5.5/repodata/repomd.xml HTTP/1.1" 200 1296 "-" "urlgrabber/3.1.0 yum/3.2.22"
10.1.0.101 - - [08/Oct/2013:23:16:41 +0800] "GET /CentOS5.5/ONWIND/repodata/repomd.xml HTTP/1.1" 200 951 "-" "urlgrabber/3.1.0 yum/3.2.22"
10.1.0.101 - - [08/Oct/2013:23:16:41 +0800] "GET /CentOS5.5/centreon/repodata/repomd.xml HTTP/1.1" 200 951 "-" "urlgrabber/3.1.0 yum/3.2.22"
10.1.0.101 - - [08/Oct/2013:23:16:41 +0800] "GET /CentOS5.5/nagios/repodata/repomd.xml HTTP/1.1" 200 951 "-" "urlgrabber/3.1.0 yum/3.2.22"
10.1.0.242 - - [08/Oct/2013:23:21:28 +0800] "GET /CentOS5.5/ONWIND/repodata/repomd.xml HTTP/1.1" 200 951 "-" "urlgrabber/3.1.0 yum/3.2.22"
10.1.0.49 - - [08/Oct/2013:23:22:30 +0800] "GET /CentOS5.5/repodata/repomd.xml HTTP/1.1" 200 1296 "-" "urlgrabber/3.1.0 yum/3.2.22"
10.1.0.49 - - [08/Oct/2013:23:22:31 +0800] "GET /CentOS5.5/Heartbeat/repodata/repomd.xml HTTP/1.1" 200 951 "-" "urlgrabber/3.1.0 yum/3.2.22"
10.1.0.49 - - [08/Oct/2013:23:22:31 +0800] "GET /CentOS5.5/ONWIND/repodata/repomd.xml HTTP/1.1" 200 951 "-" "urlgrabber/3.1.0 yum/3.2.22"
10.1.0.49 - - [08/Oct/2013:23:22:31 +0800] "GET /CentOS5.5/nagios/repodata/repomd.xml HTTP/1.1" 200 951 "-" "urlgrabber/3.1.0 yum/3.2.22"
10.1.0.190 - - [08/Oct/2013:23:23:13 +0800] "GET /CentOS5.5/repodata/repomd.xml HTTP/1.1" 200 1296 "-" "urlgrabber/3.1.0 yum/3.2.22"
10.1.0.190 - - [08/Oct/2013:23:23:14 +0800] "GET /CentOS5.5/ONWIND/repodata/repomd.xml HTTP/1.1" 200 951 "-" "urlgrabber/3.1.0 yum/3.2.22"
10.1.0.190 - - [08/Oct/2013:23:23:14 +0800] "GET /CentOS5.5/nagios/repodata/repomd.xml HTTP/1.1" 200 951 "-" "urlgrabber/3.1.0 yum/3.2.22"
10.1.0.48 - - [08/Oct/2013:23:23:57 +0800] "GET /CentOS5.5/ONWIND/repodata/repomd.xml HTTP/1.1" 200 951 "-" "urlgrabber/3.1.0 yum/3.2.19"
10.1.0.48 - - [08/Oct/2013:23:23:57 +0800] "GET /CentOS5.5/repodata/repomd.xml HTTP/1.1" 200 1296 "-" "urlgrabber/3.1.0 yum/3.2.19"
10.1.0.48 - - [08/Oct/2013:23:23:57 +0800] "GET /CentOS5.5/nagios/repodata/repomd.xml HTTP/1.1" 200 951 "-" "urlgrabber/3.1.0 yum/3.2.19"
10.1.0.48 - - [08/Oct/2013:23:23:58 +0800] "GET /CentOS5.5/Heartbeat/repodata/repomd.xml HTTP/1.1" 200 951 "-" "urlgrabber/3.1.0 yum/3.2.19"
10.1.0.215 - - [08/Oct/2013:23:42:00 +0800] "GET /CentOS5.5/repodata/repomd.xml HTTP/1.1" 200 1296 "-" "urlgrabber/3.1.0 yum/3.2.22"
10.1.0.20 - - [08/Oct/2013:23:58:16 +0800] "GET /CentOS5.5/repodata/repomd.xml HTTP/1.1" 200 1296 "-" "urlgrabber/3.1.0 yum/3.2.22"
10.1.0.101 - - [09/Oct/2013:00:16:41 +0800] "GET /CentOS5.5/repodata/repomd.xml HTTP/1.1" 200 1296 "-" "urlgrabber/3.1.0 yum/3.2.22"
10.1.0.101 - - [09/Oct/2013:00:16:41 +0800] "GET /CentOS5.5/ONWIND/repodata/repomd.xml HTTP/1.1" 200 951 "-" "urlgrabber/3.1.0 yum/3.2.22"
10.1.0.101 - - [09/Oct/2013:00:16:41 +0800] "GET /CentOS5.5/centreon/repodata/repomd.xml HTTP/1.1" 200 951 "-" "urlgrabber/3.1.0 yum/3.2.22"
10.1.0.101 - - [09/Oct/2013:00:16:41 +0800] "GET /CentOS5.5/nagios/repodata/repomd.xml HTTP/1.1" 200 951 "-" "urlgrabber/3.1.0 yum/3.2.22"
10.1.0.242 - - [09/Oct/2013:00:21:27 +0800] "GET /CentOS5.5/ONWIND/repodata/repomd.xml HTTP/1.1" 200 951 "-" "urlgrabber/3.1.0 yum/3.2.22"
10.1.0.49 - - [09/Oct/2013:00:22:30 +0800] "GET /CentOS5.5/repodata/repomd.xml HTTP/1.1" 200 1296 "-" "urlgrabber/3.1.0 yum/3.2.22"
10.1.0.49 - - [09/Oct/2013:00:22:30 +0800] "GET /CentOS5.5/Heartbeat/repodata/repomd.xml HTTP/1.1" 200 951 "-" "urlgrabber/3.1.0 yum/3.2.22"
10.1.0.49 - - [09/Oct/2013:00:22:30 +0800] "GET /CentOS5.5/ONWIND/repodata/repomd.xml HTTP/1.1" 200 951 "-" "urlgrabber/3.1.0 yum/3.2.22"
10.1.0.49 - - [09/Oct/2013:00:22:30 +0800] "GET /CentOS5.5/nagios/repodata/repomd.xml HTTP/1.1" 200 951 "-" "urlgrabber/3.1.0 yum/3.2.22"
10.1.0.190 - - [09/Oct/2013:00:23:14 +0800] "GET /CentOS5.5/repodata/repomd.xml HTTP/1.1" 200 1296 "-" "urlgrabber/3.1.0 yum/3.2.22"
10.1.0.190 - - [09/Oct/2013:00:23:14 +0800] "GET /CentOS5.5/ONWIND/repodata/repomd.xml HTTP/1.1" 200 951 "-" "urlgrabber/3.1.0 yum/3.2.22"
10.1.0.190 - - [09/Oct/2013:00:23:15 +0800] "GET /CentOS5.5/nagios/repodata/repomd.xml HTTP/1.1" 200 951 "-" "urlgrabber/3.1.0 yum/3.2.22"
10.1.0.48 - - [09/Oct/2013:00:23:57 +0800] "GET /CentOS5.5/ONWIND/repodata/repomd.xml HTTP/1.1" 200 951 "-" "urlgrabber/3.1.0 yum/3.2.19"
10.1.0.48 - - [09/Oct/2013:00:23:57 +0800] "GET /CentOS5.5/repodata/repomd.xml HTTP/1.1" 200 1296 "-" "urlgrabber/3.1.0 yum/3.2.19"
10.1.0.48 - - [09/Oct/2013:00:23:57 +0800] "GET /CentOS5.5/nagios/repodata/repomd.xml HTTP/1.1" 200 951 "-" "urlgrabber/3.1.0 yum/3.2.19"
10.1.0.48 - - [09/Oct/2013:00:23:57 +0800] "GET /CentOS5.5/Heartbeat/repodata/repomd.xml HTTP/1.1" 200 951 "-" "urlgrabber/3.1.0 yum/3.2.19"
10.1.0.215 - - [09/Oct/2013:00:41:59 +0800] "GET /CentOS5.5/repodata/repomd.xml HTTP/1.1" 200 1296 "-" "urlgrabber/3.1.0 yum/3.2.22"
10.1.0.20 - - [09/Oct/2013:00:58:16 +0800] "GET /CentOS5.5/repodata/repomd.xml HTTP/1.1" 200 1296 "-" "urlgrabber/3.1.0 yum/3.2.22"
10.1.0.101 - - [09/Oct/2013:01:16:41 +0800] "GET /CentOS5.5/repodata/repomd.xml HTTP/1.1" 200 1296 "-" "urlgrabber/3.1.0 yum/3.2.22"
10.1.0.101 - - [09/Oct/2013:01:16:41 +0800] "GET /CentOS5.5/ONWIND/repodata/repomd.xml HTTP/1.1" 200 951 "-" "urlgrabber/3.1.0 yum/3.2.22"
10.1.0.101 - - [09/Oct/2013:01:16:41 +0800] "GET /CentOS5.5/centreon/repodata/repomd.xml HTTP/1.1" 200 951 "-" "urlgrabber/3.1.0 yum/3.2.22"
10.1.0.101 - - [09/Oct/2013:01:16:41 +0800] "GET /CentOS5.5/nagios/repodata/repomd.xml HTTP/1.1" 200 951 "-" "urlgrabber/3.1.0 yum/3.2.22"
10.1.0.242 - - [09/Oct/2013:01:21:27 +0800] "GET /CentOS5.5/ONWIND/repodata/repomd.xml HTTP/1.1" 200 951 "-" "urlgrabber/3.1.0 yum/3.2.22"
10.1.0.49 - - [09/Oct/2013:01:22:30 +0800] "GET /CentOS5.5/repodata/repomd.xml HTTP/1.1" 200 1296 "-" "urlgrabber/3.1.0 yum/3.2.22"
10.1.0.49 - - [09/Oct/2013:01:22:30 +0800] "GET /CentOS5.5/Heartbeat/repodata/repomd.xml HTTP/1.1" 200 951 "-" "urlgrabber/3.1.0 yum/3.2.22"
10.1.0.49 - - [09/Oct/2013:01:22:30 +0800] "GET /CentOS5.5/ONWIND/repodata/repomd.xml HTTP/1.1" 200 951 "-" "urlgrabber/3.1.0 yum/3.2.22"
10.1.0.49 - - [09/Oct/2013:01:22:30 +0800] "GET /CentOS5.5/nagios/repodata/repomd.xml HTTP/1.1" 200 951 "-" "urlgrabber/3.1.0 yum/3.2.22"
10.1.0.190 - - [09/Oct/2013:01:23:13 +0800] "GET /CentOS5.5/repodata/repomd.xml HTTP/1.1" 200 1296 "-" "urlgrabber/3.1.0 yum/3.2.22"
10.1.0.190 - - [09/Oct/2013:01:23:14 +0800] "GET /CentOS5.5/ONWIND/repodata/repomd.xml HTTP/1.1" 200 951 "-" "urlgrabber/3.1.0 yum/3.2.22"
10.1.0.190 - - [09/Oct/2013:01:23:14 +0800] "GET /CentOS5.5/nagios/repodata/repomd.xml HTTP/1.1" 200 951 "-" "urlgrabber/3.1.0 yum/3.2.22"
10.1.0.48 - - [09/Oct/2013:01:24:12 +0800] "GET /CentOS5.5/ONWIND/repodata/repomd.xml HTTP/1.1" 200 951 "-" "urlgrabber/3.1.0 yum/3.2.19"
10.1.0.48 - - [09/Oct/2013:01:24:12 +0800] "GET /CentOS5.5/repodata/repomd.xml HTTP/1.1" 200 1296 "-" "urlgrabber/3.1.0 yum/3.2.19"
10.1.0.48 - - [09/Oct/2013:01:24:12 +0800] "GET /CentOS5.5/nagios/repodata/repomd.xml HTTP/1.1" 200 951 "-" "urlgrabber/3.1.0 yum/3.2.19"
10.1.0.48 - - [09/Oct/2013:01:24:12 +0800] "GET /CentOS5.5/Heartbeat/repodata/repomd.xml HTTP/1.1" 200 951 "-" "urlgrabber/3.1.0 yum/3.2.19"
10.1.0.215 - - [09/Oct/2013:01:41:59 +0800] "GET /CentOS5.5/repodata/repomd.xml HTTP/1.1" 200 1296 "-" "urlgrabber/3.1.0 yum/3.2.22"
10.1.0.20 - - [09/Oct/2013:01:58:15 +0800] "GET /CentOS5.5/repodata/repomd.xml HTTP/1.1" 200 1296 "-" "urlgrabber/3.1.0 yum/3.2.22"
10.1.0.101 - - [09/Oct/2013:02:16:41 +0800] "GET /CentOS5.5/repodata/repomd.xml HTTP/1.1" 200 1296 "-" "urlgrabber/3.1.0 yum/3.2.22"
10.1.0.101 - - [09/Oct/2013:02:16:41 +0800] "GET /CentOS5.5/ONWIND/repodata/repomd.xml HTTP/1.1" 200 951 "-" "urlgrabber/3.1.0 yum/3.2.22"
10.1.0.101 - - [09/Oct/2013:02:16:41 +0800] "GET /CentOS5.5/centreon/repodata/repomd.xml HTTP/1.1" 200 951 "-" "urlgrabber/3.1.0 yum/3.2.22"
10.1.0.101 - - [09/Oct/2013:02:16:41 +0800] "GET /CentOS5.5/nagios/repodata/repomd.xml HTTP/1.1" 200 951 "-" "urlgrabber/3.1.0 yum/3.2.22"
10.1.0.242 - - [09/Oct/2013:02:21:27 +0800] "GET /CentOS5.5/ONWIND/repodata/repomd.xml HTTP/1.1" 200 951 "-" "urlgrabber/3.1.0 yum/3.2.22"
10.1.0.49 - - [09/Oct/2013:02:22:30 +0800] "GET /CentOS5.5/repodata/repomd.xml HTTP/1.1" 200 1296 "-" "urlgrabber/3.1.0 yum/3.2.22"
10.1.0.49 - - [09/Oct/2013:02:22:30 +0800] "GET /CentOS5.5/Heartbeat/repodata/repomd.xml HTTP/1.1" 200 951 "-" "urlgrabber/3.1.0 yum/3.2.22"
10.1.0.49 - - [09/Oct/2013:02:22:30 +0800] "GET /CentOS5.5/ONWIND/repodata/repomd.xml HTTP/1.1" 200 951 "-" "urlgrabber/3.1.0 yum/3.2.22"
10.1.0.49 - - [09/Oct/2013:02:22:30 +0800] "GET /CentOS5.5/nagios/repodata/repomd.xml HTTP/1.1" 200 951 "-" "urlgrabber/3.1.0 yum/3.2.22"
10.1.0.190 - - [09/Oct/2013:02:23:14 +0800] "GET /CentOS5.5/repodata/repomd.xml HTTP/1.1" 200 1296 "-" "urlgrabber/3.1.0 yum/3.2.22"
10.1.0.190 - - [09/Oct/2013:02:23:14 +0800] "GET /CentOS5.5/ONWIND/repodata/repomd.xml HTTP/1.1" 200 951 "-" "urlgrabber/3.1.0 yum/3.2.22"
10.1.0.190 - - [09/Oct/2013:02:23:15 +0800] "GET /CentOS5.5/nagios/repodata/repomd.xml HTTP/1.1" 200 951 "-" "urlgrabber/3.1.0 yum/3.2.22"
10.1.0.48 - - [09/Oct/2013:02:24:11 +0800] "GET /CentOS5.5/ONWIND/repodata/repomd.xml HTTP/1.1" 200 951 "-" "urlgrabber/3.1.0 yum/3.2.19"
10.1.0.48 - - [09/Oct/2013:02:24:11 +0800] "GET /CentOS5.5/repodata/repomd.xml HTTP/1.1" 200 1296 "-" "urlgrabber/3.1.0 yum/3.2.19"
10.1.0.48 - - [09/Oct/2013:02:24:11 +0800] "GET /CentOS5.5/nagios/repodata/repomd.xml HTTP/1.1" 200 951 "-" "urlgrabber/3.1.0 yum/3.2.19"
10.1.0.48 - - [09/Oct/2013:02:24:12 +0800] "GET /CentOS5.5/Heartbeat/repodata/repomd.xml HTTP/1.1" 200 951 "-" "urlgrabber/3.1.0 yum/3.2.19"
10.1.0.215 - - [09/Oct/2013:02:41:59 +0800] "GET /CentOS5.5/repodata/repomd.xml HTTP/1.1" 200 1296 "-" "urlgrabber/3.1.0 yum/3.2.22"
10.1.0.20 - - [09/Oct/2013:02:58:15 +0800] "GET /CentOS5.5/repodata/repomd.xml HTTP/1.1" 200 1296 "-" "urlgrabber/3.1.0 yum/3.2.22"
10.1.0.101 - - [09/Oct/2013:03:16:41 +0800] "GET /CentOS5.5/repodata/repomd.xml HTTP/1.1" 200 1296 "-" "urlgrabber/3.1.0 yum/3.2.22"
10.1.0.101 - - [09/Oct/2013:03:16:41 +0800] "GET /CentOS5.5/ONWIND/repodata/repomd.xml HTTP/1.1" 200 951 "-" "urlgrabber/3.1.0 yum/3.2.22"
10.1.0.101 - - [09/Oct/2013:03:16:41 +0800] "GET /CentOS5.5/centreon/repodata/repomd.xml HTTP/1.1" 200 951 "-" "urlgrabber/3.1.0 yum/3.2.22"
10.1.0.101 - - [09/Oct/2013:03:16:41 +0800] "GET /CentOS5.5/nagios/repodata/repomd.xml HTTP/1.1" 200 951 "-" "urlgrabber/3.1.0 yum/3.2.22"
10.1.0.242 - - [09/Oct/2013:03:21:27 +0800] "GET /CentOS5.5/ONWIND/repodata/repomd.xml HTTP/1.1" 200 951 "-" "urlgrabber/3.1.0 yum/3.2.22"
10.1.0.49 - - [09/Oct/2013:03:22:29 +0800] "GET /CentOS5.5/repodata/repomd.xml HTTP/1.1" 200 1296 "-" "urlgrabber/3.1.0 yum/3.2.22"
10.1.0.49 - - [09/Oct/2013:03:22:29 +0800] "GET /CentOS5.5/Heartbeat/repodata/repomd.xml HTTP/1.1" 200 951 "-" "urlgrabber/3.1.0 yum/3.2.22"
10.1.0.49 - - [09/Oct/2013:03:22:29 +0800] "GET /CentOS5.5/ONWIND/repodata/repomd.xml HTTP/1.1" 200 951 "-" "urlgrabber/3.1.0 yum/3.2.22"
10.1.0.49 - - [09/Oct/2013:03:22:29 +0800] "GET /CentOS5.5/nagios/repodata/repomd.xml HTTP/1.1" 200 951 "-" "urlgrabber/3.1.0 yum/3.2.22"
10.1.0.190 - - [09/Oct/2013:03:23:15 +0800] "GET /CentOS5.5/repodata/repomd.xml HTTP/1.1" 200 1296 "-" "urlgrabber/3.1.0 yum/3.2.22"
10.1.0.190 - - [09/Oct/2013:03:23:15 +0800] "GET /CentOS5.5/ONWIND/repodata/repomd.xml HTTP/1.1" 200 951 "-" "urlgrabber/3.1.0 yum/3.2.22"
10.1.0.190 - - [09/Oct/2013:03:23:16 +0800] "GET /CentOS5.5/nagios/repodata/repomd.xml HTTP/1.1" 200 951 "-" "urlgrabber/3.1.0 yum/3.2.22"
10.1.0.48 - - [09/Oct/2013:03:24:11 +0800] "GET /CentOS5.5/ONWIND/repodata/repomd.xml HTTP/1.1" 200 951 "-" "urlgrabber/3.1.0 yum/3.2.19"
10.1.0.48 - - [09/Oct/2013:03:24:11 +0800] "GET /CentOS5.5/repodata/repomd.xml HTTP/1.1" 200 1296 "-" "urlgrabber/3.1.0 yum/3.2.19"
10.1.0.48 - - [09/Oct/2013:03:24:11 +0800] "GET /CentOS5.5/nagios/repodata/repomd.xml HTTP/1.1" 200 951 "-" "urlgrabber/3.1.0 yum/3.2.19"
10.1.0.48 - - [09/Oct/2013:03:24:11 +0800] "GET /CentOS5.5/Heartbeat/repodata/repomd.xml HTTP/1.1" 200 951 "-" "urlgrabber/3.1.0 yum/3.2.19"
10.1.0.215 - - [09/Oct/2013:03:41:59 +0800] "GET /CentOS5.5/repodata/repomd.xml HTTP/1.1" 200 1296 "-" "urlgrabber/3.1.0 yum/3.2.22"
10.1.0.20 - - [09/Oct/2013:03:58:15 +0800] "GET /CentOS5.5/repodata/repomd.xml HTTP/1.1" 200 1296 "-" "urlgrabber/3.1.0 yum/3.2.22"
10.1.0.101 - - [09/Oct/2013:04:16:41 +0800] "GET /CentOS5.5/repodata/repomd.xml HTTP/1.1" 200 1296 "-" "urlgrabber/3.1.0 yum/3.2.22"
10.1.0.101 - - [09/Oct/2013:04:16:41 +0800] "GET /CentOS5.5/ONWIND/repodata/repomd.xml HTTP/1.1" 200 951 "-" "urlgrabber/3.1.0 yum/3.2.22"
10.1.0.101 - - [09/Oct/2013:04:16:41 +0800] "GET /CentOS5.5/centreon/repodata/repomd.xml HTTP/1.1" 200 951 "-" "urlgrabber/3.1.0 yum/3.2.22"
10.1.0.101 - - [09/Oct/2013:04:16:41 +0800] "GET /CentOS5.5/nagios/repodata/repomd.xml HTTP/1.1" 200 951 "-" "urlgrabber/3.1.0 yum/3.2.22"
10.1.0.242 - - [09/Oct/2013:04:21:27 +0800] "GET /CentOS5.5/ONWIND/repodata/repomd.xml HTTP/1.1" 200 951 "-" "urlgrabber/3.1.0 yum/3.2.22"
10.1.0.49 - - [09/Oct/2013:04:22:30 +0800] "GET /CentOS5.5/repodata/repomd.xml HTTP/1.1" 200 1296 "-" "urlgrabber/3.1.0 yum/3.2.22"
10.1.0.49 - - [09/Oct/2013:04:22:30 +0800] "GET /CentOS5.5/Heartbeat/repodata/repomd.xml HTTP/1.1" 200 951 "-" "urlgrabber/3.1.0 yum/3.2.22"
10.1.0.49 - - [09/Oct/2013:04:22:30 +0800] "GET /CentOS5.5/ONWIND/repodata/repomd.xml HTTP/1.1" 200 951 "-" "urlgrabber/3.1.0 yum/3.2.22"
10.1.0.49 - - [09/Oct/2013:04:22:30 +0800] "GET /CentOS5.5/nagios/repodata/repomd.xml HTTP/1.1" 200 951 "-" "urlgrabber/3.1.0 yum/3.2.22"
10.1.0.190 - - [09/Oct/2013:04:23:14 +0800] "GET /CentOS5.5/repodata/repomd.xml HTTP/1.1" 200 1296 "-" "urlgrabber/3.1.0 yum/3.2.22"
10.1.0.190 - - [09/Oct/2013:04:23:14 +0800] "GET /CentOS5.5/ONWIND/repodata/repomd.xml HTTP/1.1" 200 951 "-" "urlgrabber/3.1.0 yum/3.2.22"
10.1.0.190 - - [09/Oct/2013:04:23:15 +0800] "GET /CentOS5.5/nagios/repodata/repomd.xml HTTP/1.1" 200 951 "-" "urlgrabber/3.1.0 yum/3.2.22"
10.1.0.48 - - [09/Oct/2013:04:24:10 +0800] "GET /CentOS5.5/ONWIND/repodata/repomd.xml HTTP/1.1" 200 951 "-" "urlgrabber/3.1.0 yum/3.2.19"
10.1.0.48 - - [09/Oct/2013:04:24:10 +0800] "GET /CentOS5.5/repodata/repomd.xml HTTP/1.1" 200 1296 "-" "urlgrabber/3.1.0 yum/3.2.19"
10.1.0.48 - - [09/Oct/2013:04:24:10 +0800] "GET /CentOS5.5/nagios/repodata/repomd.xml HTTP/1.1" 200 951 "-" "urlgrabber/3.1.0 yum/3.2.19"
10.1.0.48 - - [09/Oct/2013:04:24:10 +0800] "GET /CentOS5.5/Heartbeat/repodata/repomd.xml HTTP/1.1" 200 951 "-" "urlgrabber/3.1.0 yum/3.2.19"
10.1.0.215 - - [09/Oct/2013:04:41:59 +0800] "GET /CentOS5.5/repodata/repomd.xml HTTP/1.1" 200 1296 "-" "urlgrabber/3.1.0 yum/3.2.22"
10.1.0.20 - - [09/Oct/2013:04:58:14 +0800] "GET /CentOS5.5/repodata/repomd.xml HTTP/1.1" 200 1296 "-" "urlgrabber/3.1.0 yum/3.2.22"
10.1.0.101 - - [09/Oct/2013:05:16:43 +0800] "GET /CentOS5.5/repodata/repomd.xml HTTP/1.1" 200 1296 "-" "urlgrabber/3.1.0 yum/3.2.22"
10.1.0.101 - - [09/Oct/2013:05:16:43 +0800] "GET /CentOS5.5/ONWIND/repodata/repomd.xml HTTP/1.1" 200 951 "-" "urlgrabber/3.1.0 yum/3.2.22"
10.1.0.101 - - [09/Oct/2013:05:16:43 +0800] "GET /CentOS5.5/centreon/repodata/repomd.xml HTTP/1.1" 200 951 "-" "urlgrabber/3.1.0 yum/3.2.22"
10.1.0.101 - - [09/Oct/2013:05:16:43 +0800] "GET /CentOS5.5/nagios/repodata/repomd.xml HTTP/1.1" 200 951 "-" "urlgrabber/3.1.0 yum/3.2.22"
10.1.0.242 - - [09/Oct/2013:05:21:27 +0800] "GET /CentOS5.5/ONWIND/repodata/repomd.xml HTTP/1.1" 200 951 "-" "urlgrabber/3.1.0 yum/3.2.22"
10.1.0.49 - - [09/Oct/2013:05:22:29 +0800] "GET /CentOS5.5/repodata/repomd.xml HTTP/1.1" 200 1296 "-" "urlgrabber/3.1.0 yum/3.2.22"
10.1.0.49 - - [09/Oct/2013:05:22:29 +0800] "GET /CentOS5.5/Heartbeat/repodata/repomd.xml HTTP/1.1" 200 951 "-" "urlgrabber/3.1.0 yum/3.2.22"
10.1.0.49 - - [09/Oct/2013:05:22:29 +0800] "GET /CentOS5.5/ONWIND/repodata/repomd.xml HTTP/1.1" 200 951 "-" "urlgrabber/3.1.0 yum/3.2.22"
10.1.0.49 - - [09/Oct/2013:05:22:29 +0800] "GET /CentOS5.5/nagios/repodata/repomd.xml HTTP/1.1" 200 951 "-" "urlgrabber/3.1.0 yum/3.2.22"
10.1.0.190 - - [09/Oct/2013:05:23:14 +0800] "GET /CentOS5.5/repodata/repomd.xml HTTP/1.1" 200 1296 "-" "urlgrabber/3.1.0 yum/3.2.22"
10.1.0.190 - - [09/Oct/2013:05:23:14 +0800] "GET /CentOS5.5/ONWIND/repodata/repomd.xml HTTP/1.1" 200 951 "-" "urlgrabber/3.1.0 yum/3.2.22"
10.1.0.190 - - [09/Oct/2013:05:23:15 +0800] "GET /CentOS5.5/nagios/repodata/repomd.xml HTTP/1.1" 200 951 "-" "urlgrabber/3.1.0 yum/3.2.22"
10.1.0.48 - - [09/Oct/2013:05:24:10 +0800] "GET /CentOS5.5/ONWIND/repodata/repomd.xml HTTP/1.1" 200 951 "-" "urlgrabber/3.1.0 yum/3.2.19"
10.1.0.48 - - [09/Oct/2013:05:24:10 +0800] "GET /CentOS5.5/repodata/repomd.xml HTTP/1.1" 200 1296 "-" "urlgrabber/3.1.0 yum/3.2.19"
10.1.0.48 - - [09/Oct/2013:05:24:10 +0800] "GET /CentOS5.5/nagios/repodata/repomd.xml HTTP/1.1" 200 951 "-" "urlgrabber/3.1.0 yum/3.2.19"
10.1.0.48 - - [09/Oct/2013:05:24:10 +0800] "GET /CentOS5.5/Heartbeat/repodata/repomd.xml HTTP/1.1" 200 951 "-" "urlgrabber/3.1.0 yum/3.2.19"
10.1.0.215 - - [09/Oct/2013:05:41:59 +0800] "GET /CentOS5.5/repodata/repomd.xml HTTP/1.1" 200 1296 "-" "urlgrabber/3.1.0 yum/3.2.22"
10.1.0.20 - - [09/Oct/2013:05:58:14 +0800] "GET /CentOS5.5/repodata/repomd.xml HTTP/1.1" 200 1296 "-" "urlgrabber/3.1.0 yum/3.2.22"
10.1.0.101 - - [09/Oct/2013:06:16:41 +0800] "GET /CentOS5.5/repodata/repomd.xml HTTP/1.1" 200 1296 "-" "urlgrabber/3.1.0 yum/3.2.22"
10.1.0.101 - - [09/Oct/2013:06:16:41 +0800] "GET /CentOS5.5/ONWIND/repodata/repomd.xml HTTP/1.1" 200 951 "-" "urlgrabber/3.1.0 yum/3.2.22"
10.1.0.101 - - [09/Oct/2013:06:16:41 +0800] "GET /CentOS5.5/centreon/repodata/repomd.xml HTTP/1.1" 200 951 "-" "urlgrabber/3.1.0 yum/3.2.22"
10.1.0.101 - - [09/Oct/2013:06:16:41 +0800] "GET /CentOS5.5/nagios/repodata/repomd.xml HTTP/1.1" 200 951 "-" "urlgrabber/3.1.0 yum/3.2.22"
10.1.0.242 - - [09/Oct/2013:06:21:27 +0800] "GET /CentOS5.5/ONWIND/repodata/repomd.xml HTTP/1.1" 200 951 "-" "urlgrabber/3.1.0 yum/3.2.22"
10.1.0.49 - - [09/Oct/2013:06:22:28 +0800] "GET /CentOS5.5/repodata/repomd.xml HTTP/1.1" 200 1296 "-" "urlgrabber/3.1.0 yum/3.2.22"
10.1.0.49 - - [09/Oct/2013:06:22:28 +0800] "GET /CentOS5.5/Heartbeat/repodata/repomd.xml HTTP/1.1" 200 951 "-" "urlgrabber/3.1.0 yum/3.2.22"
10.1.0.49 - - [09/Oct/2013:06:22:28 +0800] "GET /CentOS5.5/ONWIND/repodata/repomd.xml HTTP/1.1" 200 951 "-" "urlgrabber/3.1.0 yum/3.2.22"
10.1.0.49 - - [09/Oct/2013:06:22:28 +0800] "GET /CentOS5.5/nagios/repodata/repomd.xml HTTP/1.1" 200 951 "-" "urlgrabber/3.1.0 yum/3.2.22"
10.1.0.190 - - [09/Oct/2013:06:23:14 +0800] "GET /CentOS5.5/repodata/repomd.xml HTTP/1.1" 200 1296 "-" "urlgrabber/3.1.0 yum/3.2.22"
10.1.0.190 - - [09/Oct/2013:06:23:14 +0800] "GET /CentOS5.5/ONWIND/repodata/repomd.xml HTTP/1.1" 200 951 "-" "urlgrabber/3.1.0 yum/3.2.22"
10.1.0.190 - - [09/Oct/2013:06:23:15 +0800] "GET /CentOS5.5/nagios/repodata/repomd.xml HTTP/1.1" 200 951 "-" "urlgrabber/3.1.0 yum/3.2.22"
10.1.0.48 - - [09/Oct/2013:06:24:09 +0800] "GET /CentOS5.5/ONWIND/repodata/repomd.xml HTTP/1.1" 200 951 "-" "urlgrabber/3.1.0 yum/3.2.19"
10.1.0.48 - - [09/Oct/2013:06:24:09 +0800] "GET /CentOS5.5/repodata/repomd.xml HTTP/1.1" 200 1296 "-" "urlgrabber/3.1.0 yum/3.2.19"
10.1.0.48 - - [09/Oct/2013:06:24:09 +0800] "GET /CentOS5.5/nagios/repodata/repomd.xml HTTP/1.1" 200 951 "-" "urlgrabber/3.1.0 yum/3.2.19"
10.1.0.48 - - [09/Oct/2013:06:24:09 +0800] "GET /CentOS5.5/Heartbeat/repodata/repomd.xml HTTP/1.1" 200 951 "-" "urlgrabber/3.1.0 yum/3.2.19"
10.1.0.215 - - [09/Oct/2013:06:41:58 +0800] "GET /CentOS5.5/repodata/repomd.xml HTTP/1.1" 200 1296 "-" "urlgrabber/3.1.0 yum/3.2.22"
10.1.0.20 - - [09/Oct/2013:06:58:13 +0800] "GET /CentOS5.5/repodata/repomd.xml HTTP/1.1" 200 1296 "-" "urlgrabber/3.1.0 yum/3.2.22"
10.1.0.101 - - [09/Oct/2013:07:16:41 +0800] "GET /CentOS5.5/repodata/repomd.xml HTTP/1.1" 200 1296 "-" "urlgrabber/3.1.0 yum/3.2.22"
10.1.0.101 - - [09/Oct/2013:07:16:41 +0800] "GET /CentOS5.5/ONWIND/repodata/repomd.xml HTTP/1.1" 200 951 "-" "urlgrabber/3.1.0 yum/3.2.22"
10.1.0.101 - - [09/Oct/2013:07:16:41 +0800] "GET /CentOS5.5/centreon/repodata/repomd.xml HTTP/1.1" 200 951 "-" "urlgrabber/3.1.0 yum/3.2.22"
10.1.0.101 - - [09/Oct/2013:07:16:41 +0800] "GET /CentOS5.5/nagios/repodata/repomd.xml HTTP/1.1" 200 951 "-" "urlgrabber/3.1.0 yum/3.2.22"
10.1.0.242 - - [09/Oct/2013:07:21:27 +0800] "GET /CentOS5.5/ONWIND/repodata/repomd.xml HTTP/1.1" 200 951 "-" "urlgrabber/3.1.0 yum/3.2.22"
10.1.0.49 - - [09/Oct/2013:07:22:28 +0800] "GET /CentOS5.5/repodata/repomd.xml HTTP/1.1" 200 1296 "-" "urlgrabber/3.1.0 yum/3.2.22"
10.1.0.49 - - [09/Oct/2013:07:22:28 +0800] "GET /CentOS5.5/Heartbeat/repodata/repomd.xml HTTP/1.1" 200 951 "-" "urlgrabber/3.1.0 yum/3.2.22"
10.1.0.49 - - [09/Oct/2013:07:22:28 +0800] "GET /CentOS5.5/ONWIND/repodata/repomd.xml HTTP/1.1" 200 951 "-" "urlgrabber/3.1.0 yum/3.2.22"
10.1.0.49 - - [09/Oct/2013:07:22:28 +0800] "GET /CentOS5.5/nagios/repodata/repomd.xml HTTP/1.1" 200 951 "-" "urlgrabber/3.1.0 yum/3.2.22"
10.1.0.190 - - [09/Oct/2013:07:23:13 +0800] "GET /CentOS5.5/repodata/repomd.xml HTTP/1.1" 200 1296 "-" "urlgrabber/3.1.0 yum/3.2.22"
10.1.0.190 - - [09/Oct/2013:07:23:13 +0800] "GET /CentOS5.5/ONWIND/repodata/repomd.xml HTTP/1.1" 200 951 "-" "urlgrabber/3.1.0 yum/3.2.22"
10.1.0.190 - - [09/Oct/2013:07:23:14 +0800] "GET /CentOS5.5/nagios/repodata/repomd.xml HTTP/1.1" 200 951 "-" "urlgrabber/3.1.0 yum/3.2.22"
10.1.0.48 - - [09/Oct/2013:07:24:08 +0800] "GET /CentOS5.5/ONWIND/repodata/repomd.xml HTTP/1.1" 200 951 "-" "urlgrabber/3.1.0 yum/3.2.19"
10.1.0.48 - - [09/Oct/2013:07:24:08 +0800] "GET /CentOS5.5/repodata/repomd.xml HTTP/1.1" 200 1296 "-" "urlgrabber/3.1.0 yum/3.2.19"
10.1.0.48 - - [09/Oct/2013:07:24:09 +0800] "GET /CentOS5.5/nagios/repodata/repomd.xml HTTP/1.1" 200 951 "-" "urlgrabber/3.1.0 yum/3.2.19"
10.1.0.48 - - [09/Oct/2013:07:24:09 +0800] "GET /CentOS5.5/Heartbeat/repodata/repomd.xml HTTP/1.1" 200 951 "-" "urlgrabber/3.1.0 yum/3.2.19"
10.1.0.215 - - [09/Oct/2013:07:41:58 +0800] "GET /CentOS5.5/repodata/repomd.xml HTTP/1.1" 200 1296 "-" "urlgrabber/3.1.0 yum/3.2.22"
10.1.0.20 - - [09/Oct/2013:07:58:13 +0800] "GET /CentOS5.5/repodata/repomd.xml HTTP/1.1" 200 1296 "-" "urlgrabber/3.1.0 yum/3.2.22"
10.1.0.101 - - [09/Oct/2013:08:16:41 +0800] "GET /CentOS5.5/repodata/repomd.xml HTTP/1.1" 200 1296 "-" "urlgrabber/3.1.0 yum/3.2.22"
